#
# There is insufficient memory for the Java Runtime Environment to continue.
# Native memory allocation (mmap) failed to map 257949696 bytes for G1 virtual space
# Possible reasons:
#   The system is out of physical RAM or swap space
#   The process is running with CompressedOops enabled, and the Java Heap may be blocking the growth of the native heap
# Possible solutions:
#   Reduce memory load on the system
#   Increase physical memory or swap space
#   Check if swap backing store is full
#   Decrease Java heap size (-Xmx/-Xms)
#   Decrease number of Java threads
#   Decrease Java thread stack sizes (-Xss)
#   Set larger code cache with -XX:ReservedCodeCacheSize=
#   JVM is running with Zero Based Compressed Oops mode in which the Java heap is
#     placed in the first 32GB address space. The Java Heap base address is the
#     maximum limit for the native heap growth. Please use -XX:HeapBaseMinAddress
#     to set the Java Heap base and to place the Java Heap above 32GB virtual address.
# This output file may be truncated or incomplete.
#
#  Out of Memory Error (os_windows.cpp:3600), pid=194496, tid=205164
#
# JRE version:  (21.0.2+13) (build )
# Java VM: OpenJDK 64-Bit Server VM (21.0.2+13-58, mixed mode, sharing, tiered, compressed oops, compressed class ptrs, g1 gc, windows-amd64)
# No core dump will be written. Minidumps are not enabled by default on client versions of Windows
#

---------------  S U M M A R Y ------------

Command Line: -Dorg.gradle.appname=gradlew org.gradle.wrapper.GradleWrapperMain clean

Host: AMD Ryzen 5 5500U with Radeon Graphics         , 12 cores, 15G,  Windows 11 , 64 bit Build 26100 (10.0.26100.7309)
Time: Tue Jan 13 16:32:44 2026 SE Asia Standard Time elapsed time: 1.265921 seconds (0d 0h 0m 1s)

---------------  T H R E A D  ---------------

Current thread (0x000001cc09a1e250):  JavaThread "Unknown thread" [_thread_in_vm, id=205164, stack(0x0000003404a00000,0x0000003404b00000) (1024K)]

Stack: [0x0000003404a00000,0x0000003404b00000]
Native frames: (J=compiled Java code, j=interpreted, Vv=VM code, C=native code)
V  [jvm.dll+0x6cade9]
V  [jvm.dll+0x8569c1]
V  [jvm.dll+0x858d2e]
V  [jvm.dll+0x859413]
V  [jvm.dll+0x280e56]
V  [jvm.dll+0x6c74d5]
V  [jvm.dll+0x6bbeca]
V  [jvm.dll+0x355bca]
V  [jvm.dll+0x35d816]
V  [jvm.dll+0x3ae67e]
V  [jvm.dll+0x3ae928]
V  [jvm.dll+0x3295dc]
V  [jvm.dll+0x32a16b]
V  [jvm.dll+0x81efa9]
V  [jvm.dll+0x3bba01]
V  [jvm.dll+0x807928]
V  [jvm.dll+0x44f50e]
V  [jvm.dll+0x450e11]
C  [jli.dll+0x52a3]
C  [ucrtbase.dll+0x37b0]
C  [KERNEL32.DLL+0x2e8d7]
C  [ntdll.dll+0x8c53c]


---------------  P R O C E S S  ---------------

Threads class SMR info:
_java_thread_list=0x00007fff9ba1bb88, length=0, elements={
}

Java Threads: ( => current thread )
Total: 0

Other Threads:
  0x000001cc0bdb8820 WorkerThread "GC Thread#0"                     [id=203420, stack(0x0000003404b00000,0x0000003404c00000) (1024K)]
  0x000001cc0bdcbad0 ConcurrentGCThread "G1 Main Marker"            [id=134368, stack(0x0000003404c00000,0x0000003404d00000) (1024K)]
  0x000001cc0bdcd380 WorkerThread "G1 Conc#0"                       [id=197124, stack(0x0000003404d00000,0x0000003404e00000) (1024K)]

[error occurred during error reporting (printing all threads), id 0xc0000005, EXCEPTION_ACCESS_VIOLATION (0xc0000005) at pc=0x00007fff9b18c6a7]
VM state: not at safepoint (not fully initialized)

VM Mutex/Monitor currently owned by a thread:  ([mutex/lock_event])
[0x00007fff9ba8ce68] Heap_lock - owner thread: 0x000001cc09a1e250

Heap address: 0x000000070ac00000, size: 3924 MB, Compressed Oops mode: Zero based, Oop shift amount: 3

CDS archive(s) mapped at: [0x0000000000000000-0x0000000000000000-0x0000000000000000), size 0, SharedBaseAddress: 0x0000000800000000, ArchiveRelocationMode: 1.
Narrow klass base: 0x0000000000000000, Narrow klass shift: 0, Narrow klass range: 0x0

GC Precious Log:
 CardTable entry size: 512
 Card Set container configuration: InlinePtr #cards 4 size 8 Array Of Cards #cards 16 size 48 Howl #buckets 8 coarsen threshold 3686 Howl Bitmap #cards 512 size 80 coarsen threshold 460 Card regions per heap region 1 cards per card region 4096

Heap:
 garbage-first heap   total 0K, used 0K [0x000000070ac00000, 0x0000000800000000)
  region size 2048K, 0 young (0K), 0 survivors (0K)

[error occurred during error reporting (printing heap information), id 0xc0000005, EXCEPTION_ACCESS_VIOLATION (0xc0000005) at pc=0x00007fff9b5739f9]
GC Heap History (0 events):
No events

Dll operation events (1 events):
Event: 0.099 Loaded shared library C:\Users\khali\scoop\apps\openjdk21\current\bin\java.dll

Deoptimization events (0 events):
No events

Classes loaded (0 events):
No events

Classes unloaded (0 events):
No events

Classes redefined (0 events):
No events

Internal exceptions (0 events):
No events

ZGC Phase Switch (0 events):
No events

VM Operations (0 events):
No events

Events (0 events):
No events


Dynamic libraries:
0x00007ff717ae0000 - 0x00007ff717aee000 	C:\Users\khali\scoop\apps\openjdk21\current\bin\java.exe
0x00007ff825880000 - 0x00007ff825ae7000 	C:\WINDOWS\SYSTEM32\ntdll.dll
0x00007ff8254d0000 - 0x00007ff825599000 	C:\WINDOWS\System32\KERNEL32.DLL
0x00007ff823220000 - 0x00007ff82360f000 	C:\WINDOWS\System32\KERNELBASE.dll
0x00007ff822cf0000 - 0x00007ff822e3b000 	C:\WINDOWS\System32\ucrtbase.dll
0x00007ff8043a0000 - 0x00007ff8043bb000 	C:\Users\khali\scoop\apps\openjdk21\current\bin\VCRUNTIME140.dll
0x00007ff804270000 - 0x00007ff804288000 	C:\Users\khali\scoop\apps\openjdk21\current\bin\jli.dll
0x00007ff824df0000 - 0x00007ff824fb5000 	C:\WINDOWS\System32\USER32.dll
0x00007ff8229d0000 - 0x00007ff8229f7000 	C:\WINDOWS\System32\win32u.dll
0x00007ff8236e0000 - 0x00007ff82370b000 	C:\WINDOWS\System32\GDI32.dll
0x00007ff822f80000 - 0x00007ff8230ac000 	C:\WINDOWS\System32\gdi32full.dll
0x00007ff822ed0000 - 0x00007ff822f73000 	C:\WINDOWS\System32\msvcp_win.dll
0x00007ff803100000 - 0x00007ff803393000 	C:\WINDOWS\WinSxS\amd64_microsoft.windows.common-controls_6595b64144ccf1df_6.0.26100.7309_none_3e05feeae336a044\COMCTL32.dll
0x00007ff825620000 - 0x00007ff8256c9000 	C:\WINDOWS\System32\msvcrt.dll
0x00007ff8239d0000 - 0x00007ff823a01000 	C:\WINDOWS\System32\IMM32.DLL
0x00007ff81f560000 - 0x00007ff81f56c000 	C:\Users\khali\scoop\apps\openjdk21\current\bin\vcruntime140_1.dll
0x00007fffcfcd0000 - 0x00007fffcfd5e000 	C:\Users\khali\scoop\apps\openjdk21\current\bin\msvcp140.dll
0x00007fff9ae50000 - 0x00007fff9bb67000 	C:\Users\khali\scoop\apps\openjdk21\current\bin\server\jvm.dll
0x00007ff8245d0000 - 0x00007ff824684000 	C:\WINDOWS\System32\ADVAPI32.dll
0x00007ff824520000 - 0x00007ff8245c6000 	C:\WINDOWS\System32\sechost.dll
0x00007ff823f00000 - 0x00007ff824018000 	C:\WINDOWS\System32\RPCRT4.dll
0x00007ff8255a0000 - 0x00007ff825614000 	C:\WINDOWS\System32\WS2_32.dll
0x00007ff822830000 - 0x00007ff82288e000 	C:\WINDOWS\SYSTEM32\POWRPROF.dll
0x00007ff818020000 - 0x00007ff818055000 	C:\WINDOWS\SYSTEM32\WINMM.dll
0x00007ff818060000 - 0x00007ff81806b000 	C:\WINDOWS\SYSTEM32\VERSION.dll
0x00007ff822810000 - 0x00007ff822824000 	C:\WINDOWS\SYSTEM32\UMPDC.dll
0x00007ff821780000 - 0x00007ff82179b000 	C:\WINDOWS\SYSTEM32\kernel.appcore.dll
0x00007ff81a0d0000 - 0x00007ff81a0da000 	C:\Users\khali\scoop\apps\openjdk21\current\bin\jimage.dll
0x00007ff820300000 - 0x00007ff820542000 	C:\WINDOWS\SYSTEM32\DBGHELP.DLL
0x00007ff823a20000 - 0x00007ff823da5000 	C:\WINDOWS\System32\combase.dll
0x00007ff823db0000 - 0x00007ff823e86000 	C:\WINDOWS\System32\OLEAUT32.dll
0x00007ff8075d0000 - 0x00007ff80760c000 	C:\WINDOWS\SYSTEM32\dbgcore.DLL
0x00007ff822c40000 - 0x00007ff822ce5000 	C:\WINDOWS\System32\bcryptPrimitives.dll
0x00007fffed760000 - 0x00007fffed77f000 	C:\Users\khali\scoop\apps\openjdk21\current\bin\java.dll

dbghelp: loaded successfully - version: 4.0.5 - missing functions: none
symbol engine: initialized successfully - sym options: 0x614 - pdb path: .;C:\Users\khali\scoop\apps\openjdk21\current\bin;C:\WINDOWS\SYSTEM32;C:\WINDOWS\WinSxS\amd64_microsoft.windows.common-controls_6595b64144ccf1df_6.0.26100.7309_none_3e05feeae336a044;C:\Users\khali\scoop\apps\openjdk21\current\bin\server

VM Arguments:
jvm_args: -Dorg.gradle.appname=gradlew 
java_command: org.gradle.wrapper.GradleWrapperMain clean
java_class_path (initial): C:\Users\khali\Documents\android\khalif-apps\\gradle\wrapper\gradle-wrapper.jar
Launcher Type: SUN_STANDARD

[Global flags]
     intx CICompilerCount                          = 4                                         {product} {ergonomic}
     uint ConcGCThreads                            = 3                                         {product} {ergonomic}
     uint G1ConcRefinementThreads                  = 10                                        {product} {ergonomic}
   size_t G1HeapRegionSize                         = 2097152                                   {product} {ergonomic}
    uintx GCDrainStackTargetSize                   = 64                                        {product} {ergonomic}
   size_t InitialHeapSize                          = 257949696                                 {product} {ergonomic}
   size_t MarkStackSize                            = 4194304                                   {product} {ergonomic}
   size_t MaxHeapSize                              = 4114612224                                {product} {ergonomic}
   size_t MinHeapDeltaBytes                        = 2097152                                   {product} {ergonomic}
   size_t MinHeapSize                              = 8388608                                   {product} {ergonomic}
    uintx NonNMethodCodeHeapSize                   = 5839372                                {pd product} {ergonomic}
    uintx NonProfiledCodeHeapSize                  = 122909434                              {pd product} {ergonomic}
    uintx ProfiledCodeHeapSize                     = 122909434                              {pd product} {ergonomic}
    uintx ReservedCodeCacheSize                    = 251658240                              {pd product} {ergonomic}
     bool SegmentedCodeCache                       = true                                      {product} {ergonomic}
   size_t SoftMaxHeapSize                          = 4114612224                             {manageable} {ergonomic}
     bool UseCompressedOops                        = true                           {product lp64_product} {ergonomic}
     bool UseG1GC                                  = true                                      {product} {ergonomic}
     bool UseLargePagesIndividualAllocation        = false                                  {pd product} {ergonomic}

Logging:
Log output configuration:
 #0: stdout all=warning uptime,level,tags foldmultilines=false
 #1: stderr all=off uptime,level,tags foldmultilines=false

Environment Variables:
JAVA_HOME=C:\Users\khali\scoop\apps\openjdk21\current
CLASSPATH=C:\Users\khali\Documents\android\khalif-apps\\gradle\wrapper\gradle-wrapper.jar
PATH=C:\tools\flutter\bin\cache\dart-sdk\bin\;C:\WINDOWS\system32;C:\WINDOWS;C:\WINDOWS\System32\Wbem;C:\WINDOWS\System32\WindowsPowerShell\v1.0\;C:\WINDOWS\System32\OpenSSH\;C:\ProgramData\chocolatey\bin;C:\Program Files\Git\cmd;C:\Program Files\HP\HP One Agent;C:\Users\khali\AppData\Local\Android\Sdk\platform-tools;C:\Program Files\nodejs\;C:\Users\khali\scoop\apps\openjdk21\current\bin;C:\Users\khali\scoop\apps\openjdk\current\bin;C:\Users\khali\scoop\shims;C:\WINDOWS\system32;C:\WINDOWS;C:\WINDOWS\System32\Wbem;C:\WINDOWS\System32\WindowsPowerShell\v1.0\;C:\WINDOWS\System32\OpenSSH\;C:\ProgramData\chocolatey\bin;C:\Program Files\Git\cmd;C:\Program Files\HP\HP One Agent;C:\Users\khali\AppData\Local\Microsoft\WindowsApps;C:\Users\khali\AppData\Local\Programs\Microsoft VS Code\bin;C:\tools\flutter\bin;C:\tools\flutter\bin;C:\Users\khali\AppData\Local\Android\Sdk\platform-tools;C:\Users\khali\AppData\Local\Programs\Antigravity\bin;C:\Users\khali\AppData\Roaming\npm;C:\Users\khali\AppData\Local\Microsoft\WinGet\Links
USERNAME=khali
LANG=en_US.UTF-8
OS=Windows_NT
PROCESSOR_IDENTIFIER=AMD64 Family 23 Model 104 Stepping 1, AuthenticAMD
TMP=C:\Users\khali\AppData\Local\Temp
TEMP=C:\Users\khali\AppData\Local\Temp




Periodic native trim disabled

---------------  S Y S T E M  ---------------

OS:
 Windows 11 , 64 bit Build 26100 (10.0.26100.7309)
OS uptime: 11 days 4:51 hours
Hyper-V role detected

CPU: total 12 (initial active 12) (12 cores per cpu, 2 threads per core) family 23 model 104 stepping 1 microcode 0x8608107, cx8, cmov, fxsr, ht, mmx, 3dnowpref, sse, sse2, sse3, ssse3, sse4a, sse4.1, sse4.2, popcnt, lzcnt, tsc, tscinvbit, avx, avx2, aes, clmul, bmi1, bmi2, adx, sha, fma, vzeroupper, clflush, clflushopt, hv, rdtscp, rdpid, f16c
Processor Information for all 12 processors :
  Max Mhz: 2100, Current Mhz: 2100, Mhz Limit: 2100

Memory: 4k page, system-wide physical 15693M (39M free)
TotalPageFile size 62797M (AvailPageFile size 205M)
current process WorkingSet (physical memory assigned to process): 12M, peak: 12M
current process commit charge ("private bytes"): 64M, peak: 310M

vm_info: OpenJDK 64-Bit Server VM (21.0.2+13-58) for windows-amd64 JRE (21.0.2+13-58), built on 2024-01-05T18:32:24Z by "mach5one" with MS VC++ 17.1 (VS2022)

END.
